stated rows: 7680 / 11520
=== llama31_8b ===
  loading full tensor...
  loaded (7680, 32, 4096)
  layer 0: purpose_auc=0.5803 purpose_bal_acc=0.5556 gap=0.0349 format(sanity)=0.9158
  layer 1: purpose_auc=0.7497 purpose_bal_acc=0.6906 gap=0.0845 format(sanity)=0.9188
  layer 2: purpose_auc=0.7716 purpose_bal_acc=0.7016 gap=0.0704 format(sanity)=0.9154
  layer 3: purpose_auc=0.8718 purpose_bal_acc=0.7823 gap=0.0571 format(sanity)=0.9264
  layer 4: purpose_auc=0.9590 purpose_bal_acc=0.8900 gap=0.0185 format(sanity)=0.9250
  layer 5: purpose_auc=0.9722 purpose_bal_acc=0.9034 gap=0.0148 format(sanity)=0.9240
  layer 6: purpose_auc=0.9879 purpose_bal_acc=0.9363 gap=0.0092 format(sanity)=0.9127
  layer 7: purpose_auc=0.9886 purpose_bal_acc=0.9439 gap=0.0086 format(sanity)=0.9203
  layer 8: purpose_auc=0.9896 purpose_bal_acc=0.9435 gap=0.0112 format(sanity)=0.9160
  layer 9: purpose_auc=0.9874 purpose_bal_acc=0.9376 gap=0.0156 format(sanity)=0.9269
  layer 10: purpose_auc=0.9859 purpose_bal_acc=0.9342 gap=0.0155 format(sanity)=0.9215
  layer 11: purpose_auc=0.9860 purpose_bal_acc=0.9397 gap=0.0153 format(sanity)=0.9228
  layer 12: purpose_auc=0.9853 purpose_bal_acc=0.9366 gap=0.0135 format(sanity)=0.9252
  layer 13: purpose_auc=0.9862 purpose_bal_acc=0.9384 gap=0.0153 format(sanity)=0.9234
  layer 14: purpose_auc=0.9842 purpose_bal_acc=0.9328 gap=0.0149 format(sanity)=0.9256
  layer 15: purpose_auc=0.9823 purpose_bal_acc=0.9257 gap=0.0196 format(sanity)=0.9328
  layer 16: purpose_auc=0.9722 purpose_bal_acc=0.9082 gap=0.0212 format(sanity)=0.9278
  layer 17: purpose_auc=0.9664 purpose_bal_acc=0.8991 gap=0.0269 format(sanity)=0.9274
  layer 18: purpose_auc=0.9635 purpose_bal_acc=0.8975 gap=0.0318 format(sanity)=0.9187
  layer 19: purpose_auc=0.9570 purpose_bal_acc=0.8915 gap=0.0338 format(sanity)=0.9231
  layer 20: purpose_auc=0.9525 purpose_bal_acc=0.8785 gap=0.0397 format(sanity)=0.9232
  layer 21: purpose_auc=0.9472 purpose_bal_acc=0.8734 gap=0.0414 format(sanity)=0.9164
  layer 22: purpose_auc=0.9432 purpose_bal_acc=0.8659 gap=0.0405 format(sanity)=0.9230
  layer 23: purpose_auc=0.9392 purpose_bal_acc=0.8611 gap=0.0441 format(sanity)=0.9192
  layer 24: purpose_auc=0.9330 purpose_bal_acc=0.8561 gap=0.0486 format(sanity)=0.9240
  layer 25: purpose_auc=0.9296 purpose_bal_acc=0.8529 gap=0.0480 format(sanity)=0.9222
  layer 26: purpose_auc=0.9325 purpose_bal_acc=0.8539 gap=0.0482 format(sanity)=0.9177
  layer 27: purpose_auc=0.9279 purpose_bal_acc=0.8512 gap=0.0471 format(sanity)=0.9208
  layer 28: purpose_auc=0.9266 purpose_bal_acc=0.8507 gap=0.0427 format(sanity)=0.9172
  layer 29: purpose_auc=0.9256 purpose_bal_acc=0.8512 gap=0.0438 format(sanity)=0.9168
  layer 30: purpose_auc=0.9222 purpose_bal_acc=0.8456 gap=0.0390 format(sanity)=0.9161
  layer 31: purpose_auc=0.9102 purpose_bal_acc=0.8299 gap=0.0441 format(sanity)=0.9158
=== llama31_70b ===
  loading full tensor...
  loaded (7680, 80, 8192)
  layer 0: purpose_auc=0.6840 purpose_bal_acc=0.6324 gap=0.0684 format(sanity)=0.9171
  layer 1: purpose_auc=0.7698 purpose_bal_acc=0.7038 gap=0.0731 format(sanity)=0.9300
  layer 2: purpose_auc=0.7759 purpose_bal_acc=0.7077 gap=0.0637 format(sanity)=0.9376
  layer 3: purpose_auc=0.7954 purpose_bal_acc=0.7217 gap=0.0666 format(sanity)=0.9398
  layer 4: purpose_auc=0.8650 purpose_bal_acc=0.7747 gap=0.0600 format(sanity)=0.9469
  layer 5: purpose_auc=0.9111 purpose_bal_acc=0.8345 gap=0.0381 format(sanity)=0.9452
  layer 6: purpose_auc=0.9343 purpose_bal_acc=0.8594 gap=0.0371 format(sanity)=0.9440
  layer 7: purpose_auc=0.9612 purpose_bal_acc=0.8911 gap=0.0191 format(sanity)=0.9439
  layer 8: purpose_auc=0.9889 purpose_bal_acc=0.9440 gap=0.0054 format(sanity)=0.9401
  layer 9: purpose_auc=0.9881 purpose_bal_acc=0.9411 gap=0.0068 format(sanity)=0.9439
  layer 10: purpose_auc=0.9842 purpose_bal_acc=0.9322 gap=0.0031 format(sanity)=0.9330
  layer 11: purpose_auc=0.9862 purpose_bal_acc=0.9353 gap=0.0040 format(sanity)=0.9419
  layer 12: purpose_auc=0.9886 purpose_bal_acc=0.9417 gap=0.0039 format(sanity)=0.9414
  layer 13: purpose_auc=0.9881 purpose_bal_acc=0.9398 gap=0.0052 format(sanity)=0.9377
  layer 14: purpose_auc=0.9904 purpose_bal_acc=0.9437 gap=0.0052 format(sanity)=0.9264
  layer 15: purpose_auc=0.9918 purpose_bal_acc=0.9484 gap=0.0051 format(sanity)=0.9393
  layer 16: purpose_auc=0.9935 purpose_bal_acc=0.9574 gap=0.0043 format(sanity)=0.9444
  layer 17: purpose_auc=0.9974 purpose_bal_acc=0.9721 gap=0.0019 format(sanity)=0.9298
  layer 18: purpose_auc=0.9984 purpose_bal_acc=0.9796 gap=0.0015 format(sanity)=0.9422
  layer 19: purpose_auc=0.9985 purpose_bal_acc=0.9807 gap=0.0017 format(sanity)=0.9241
  layer 20: purpose_auc=0.9973 purpose_bal_acc=0.9723 gap=0.0021 format(sanity)=0.9358
  layer 21: purpose_auc=0.9966 purpose_bal_acc=0.9685 gap=0.0022 format(sanity)=0.9311
  layer 22: purpose_auc=0.9957 purpose_bal_acc=0.9625 gap=0.0019 format(sanity)=0.9313
  layer 23: purpose_auc=0.9966 purpose_bal_acc=0.9703 gap=0.0022 format(sanity)=0.9385
  layer 24: purpose_auc=0.9960 purpose_bal_acc=0.9660 gap=0.0035 format(sanity)=0.9322
  layer 25: purpose_auc=0.9959 purpose_bal_acc=0.9658 gap=0.0041 format(sanity)=0.9459
  layer 26: purpose_auc=0.9956 purpose_bal_acc=0.9637 gap=0.0042 format(sanity)=0.9484
  layer 27: purpose_auc=0.9958 purpose_bal_acc=0.9645 gap=0.0047 format(sanity)=0.9473
  layer 28: purpose_auc=0.9959 purpose_bal_acc=0.9642 gap=0.0045 format(sanity)=0.9428
  layer 29: purpose_auc=0.9956 purpose_bal_acc=0.9643 gap=0.0044 format(sanity)=0.9440
  layer 30: purpose_auc=0.9956 purpose_bal_acc=0.9645 gap=0.0044 format(sanity)=0.9417
  layer 31: purpose_auc=0.9944 purpose_bal_acc=0.9612 gap=0.0054 format(sanity)=0.9526
  layer 32: purpose_auc=0.9931 purpose_bal_acc=0.9560 gap=0.0071 format(sanity)=0.9535
  layer 33: purpose_auc=0.9904 purpose_bal_acc=0.9473 gap=0.0100 format(sanity)=0.9513
  layer 34: purpose_auc=0.9885 purpose_bal_acc=0.9424 gap=0.0115 format(sanity)=0.9541
  layer 35: purpose_auc=0.9869 purpose_bal_acc=0.9393 gap=0.0142 format(sanity)=0.9556
  layer 36: purpose_auc=0.9858 purpose_bal_acc=0.9362 gap=0.0138 format(sanity)=0.9570
  layer 37: purpose_auc=0.9842 purpose_bal_acc=0.9331 gap=0.0131 format(sanity)=0.9551
  layer 38: purpose_auc=0.9832 purpose_bal_acc=0.9294 gap=0.0156 format(sanity)=0.9562
  layer 39: purpose_auc=0.9843 purpose_bal_acc=0.9339 gap=0.0147 format(sanity)=0.9570
  layer 40: purpose_auc=0.9843 purpose_bal_acc=0.9327 gap=0.0158 format(sanity)=0.9585
  layer 41: purpose_auc=0.9843 purpose_bal_acc=0.9329 gap=0.0153 format(sanity)=0.9538
  layer 42: purpose_auc=0.9845 purpose_bal_acc=0.9327 gap=0.0157 format(sanity)=0.9537
  layer 43: purpose_auc=0.9837 purpose_bal_acc=0.9284 gap=0.0173 format(sanity)=0.9573
  layer 44: purpose_auc=0.9831 purpose_bal_acc=0.9258 gap=0.0183 format(sanity)=0.9577
  layer 45: purpose_auc=0.9813 purpose_bal_acc=0.9220 gap=0.0182 format(sanity)=0.9578
  layer 46: purpose_auc=0.9803 purpose_bal_acc=0.9216 gap=0.0193 format(sanity)=0.9577
  layer 47: purpose_auc=0.9792 purpose_bal_acc=0.9185 gap=0.0193 format(sanity)=0.9591
  layer 48: purpose_auc=0.9779 purpose_bal_acc=0.9174 gap=0.0208 format(sanity)=0.9581
  layer 49: purpose_auc=0.9768 purpose_bal_acc=0.9151 gap=0.0210 format(sanity)=0.9581
  layer 50: purpose_auc=0.9756 purpose_bal_acc=0.9152 gap=0.0204 format(sanity)=0.9586
  layer 51: purpose_auc=0.9754 purpose_bal_acc=0.9135 gap=0.0206 format(sanity)=0.9558
  layer 52: purpose_auc=0.9745 purpose_bal_acc=0.9129 gap=0.0204 format(sanity)=0.9519
  layer 53: purpose_auc=0.9733 purpose_bal_acc=0.9108 gap=0.0206 format(sanity)=0.9531
  layer 54: purpose_auc=0.9725 purpose_bal_acc=0.9116 gap=0.0217 format(sanity)=0.9523
  layer 55: purpose_auc=0.9710 purpose_bal_acc=0.9096 gap=0.0222 format(sanity)=0.9548
  layer 56: purpose_auc=0.9688 purpose_bal_acc=0.9056 gap=0.0233 format(sanity)=0.9530
  layer 57: purpose_auc=0.9674 purpose_bal_acc=0.8977 gap=0.0238 format(sanity)=0.9532
  layer 58: purpose_auc=0.9660 purpose_bal_acc=0.8935 gap=0.0240 format(sanity)=0.9563
  layer 59: purpose_auc=0.9644 purpose_bal_acc=0.8918 gap=0.0248 format(sanity)=0.9574
  layer 60: purpose_auc=0.9650 purpose_bal_acc=0.8953 gap=0.0261 format(sanity)=0.9588
  layer 61: purpose_auc=0.9631 purpose_bal_acc=0.8927 gap=0.0269 format(sanity)=0.9602
  layer 62: purpose_auc=0.9626 purpose_bal_acc=0.8908 gap=0.0271 format(sanity)=0.9582
  layer 63: purpose_auc=0.9621 purpose_bal_acc=0.8897 gap=0.0270 format(sanity)=0.9580
  layer 64: purpose_auc=0.9599 purpose_bal_acc=0.8868 gap=0.0277 format(sanity)=0.9590
  layer 65: purpose_auc=0.9583 purpose_bal_acc=0.8857 gap=0.0276 format(sanity)=0.9611
  layer 66: purpose_auc=0.9589 purpose_bal_acc=0.8852 gap=0.0289 format(sanity)=0.9612
  layer 67: purpose_auc=0.9578 purpose_bal_acc=0.8845 gap=0.0305 format(sanity)=0.9624
  layer 68: purpose_auc=0.9572 purpose_bal_acc=0.8816 gap=0.0341 format(sanity)=0.9618
  layer 69: purpose_auc=0.9555 purpose_bal_acc=0.8775 gap=0.0348 format(sanity)=0.9636
  layer 70: purpose_auc=0.9555 purpose_bal_acc=0.8785 gap=0.0354 format(sanity)=0.9632
  layer 71: purpose_auc=0.9534 purpose_bal_acc=0.8763 gap=0.0339 format(sanity)=0.9639
  layer 72: purpose_auc=0.9508 purpose_bal_acc=0.8757 gap=0.0351 format(sanity)=0.9635
  layer 73: purpose_auc=0.9492 purpose_bal_acc=0.8706 gap=0.0358 format(sanity)=0.9623
  layer 74: purpose_auc=0.9470 purpose_bal_acc=0.8689 gap=0.0375 format(sanity)=0.9638
  layer 75: purpose_auc=0.9500 purpose_bal_acc=0.8732 gap=0.0368 format(sanity)=0.9626
  layer 76: purpose_auc=0.9466 purpose_bal_acc=0.8685 gap=0.0355 format(sanity)=0.9595
  layer 77: purpose_auc=0.9428 purpose_bal_acc=0.8652 gap=0.0364 format(sanity)=0.9563
  layer 78: purpose_auc=0.9444 purpose_bal_acc=0.8674 gap=0.0352 format(sanity)=0.9566
  layer 79: purpose_auc=0.9403 purpose_bal_acc=0.8618 gap=0.0368 format(sanity)=0.9535
=== llama33_70b ===
  loading full tensor...
slurmstepd: error: *** JOB 54161245 ON uahpc-compute094 CANCELLED AT 2026-08-29T01:07:54 ***
